# MES Alert Log - Production Line B - 2024-03-15
# Format: timestamp [level] message

2024-03-15 13:00:00 [INFO] 生产线B - 系统自检完成, 所有参数正常
2024-03-15 13:30:00 [INFO] 生产线B - 正常运行中, 产量: 150件/时
2024-03-15 13:45:00 [INFO] 生产线B - 温度正常: T-07=70.8C, T-08=69.2C
2024-03-15 14:00:00 [INFO] 生产线B - 正常运行中, 产量: 148件/时
2024-03-15 14:05:00 [INFO] 生产线B - 温度正常: T-07=71.2C, T-08=69.5C
2024-03-15 14:10:00 [INFO] 生产线B - 温度正常: T-07=72.1C, T-08=69.3C
2024-03-15 14:12:00 [INFO] 生产线B - 振动正常: V-07=1.8mm/s, V-08=1.2mm/s
2024-03-15 14:15:00 [INFO] 生产线B - 温度正常: T-07=73.5C, T-08=69.4C
2024-03-15 14:17:00 [INFO] 生产线B - 压力正常: P-03=4.2bar
2024-03-15 14:18:00 [WARN] 生产线B - 温度上升趋势检测: T-07连续3次上升
2024-03-15 14:20:00 [WARN] 生产线B - 温度接近阈值: T-07=74.8C (阈值75.0C)
2024-03-15 14:21:00 [WARN] 生产线B - 振动上升: V-07=2.3mm/s (阈值2.5mm/s)
2024-03-15 14:22:00 [WARN] 生产线B - 多参数趋势异常, 建议关注
2024-03-15 14:23:00 [ALERT] 生产线B - 温度超限警告: T-07=82.3C (阈值75.0C)
2024-03-15 14:23:05 [ALERT] 生产线B - 触发一级告警: 温度超限
2024-03-15 14:23:30 [ALERT] 生产线B - 振动超限: V-07=3.2mm/s (阈值2.5mm/s)
2024-03-15 14:24:00 [ALERT] 生产线B - 振动异常: V-07=3.2mm/s (阈值2.5mm/s)
2024-03-15 14:25:00 [ALERT] 温度超限警告 - 生产线B - 持续超温, T-07=81.5C
2024-03-15 14:26:00 [WARN] 生产线B - 压力波动: P-03=4.8bar (正常4.0-4.5)
2024-03-15 14:27:00 [ALERT] 生产线B - 温度持续: T-07=80.2C
2024-03-15 14:28:00 [ALERT] 生产线B - 振动持续升高: V-07=4.1mm/s
2024-03-15 14:29:00 [ALERT] 生产线B - 触发二级告警: 多参数联动异常
2024-03-15 14:30:00 [CRITICAL] 生产线B - 多参数异常联动告警
2024-03-15 14:31:00 [CRITICAL] 生产线B - 紧急停机预警: 参数恶化中
2024-03-15 14:32:00 [EMERGENCY] 紧急停机 - 生产线B - 安全联锁触发
2024-03-15 14:32:01 [INFO] 生产线B - 停机确认, 等待人工检查
2024-03-15 14:32:05 [INFO] 生产线B - 电源切断确认
2024-03-15 14:33:00 [INFO] 生产线B - 安全联锁状态: 已锁定
2024-03-15 14:35:00 [INFO] 生产线B - 运维人员到达现场
2024-03-15 14:36:00 [INFO] 生产线B - 现场温度确认: T-07=76.5C (已开始下降)
2024-03-15 14:40:00 [INFO] 维修工单已创建: MT-2024-0315
2024-03-15 14:45:00 [INFO] 生产线B - 维修团队到达
2024-03-15 15:00:00 [INFO] 生产线B - 初步诊断: 3号轴承损坏
2024-03-15 15:30:00 [INFO] 生产线B - 维修作业开始: 轴承更换
2024-03-15 16:30:00 [INFO] 生产线B - 维修进行中: 轴对中调整
2024-03-15 17:00:00 [INFO] 生产线B - 维修完成, 准备试运行
2024-03-15 17:15:00 [INFO] 生产线B - 试运行: T-07=68.5C, V-07=0.8mm/s - 正常
2024-03-15 17:30:00 [INFO] 生产线B - 恢复正常运行
2024-03-15 17:30:01 [INFO] 生产线B - 安全联锁: 已解除
2024-03-15 18:00:00 [INFO] 生产线B - 运行正常, 产量恢复: 152件/时

2024-03-15 18:30:00 [INFO] 生产线B - 班组交接完成
2024-03-15 19:00:00 [INFO] 生产线B - 夜班开始, 所有参数正常
2024-03-15 19:30:00 [INFO] 生产线B - 温度: T-07=69.5C (新轴承)
2024-03-15 20:00:00 [INFO] 生产线B - 持续监控中, 无异常
2024-03-15 20:30:00 [INFO] 生产线B - 产量: 日产1245件 (受停机影响)
2024-03-15 21:00:00 [INFO] 生产线B - 振动: V-07=0.7mm/s
2024-03-15 21:30:00 [INFO] 生产线B - 运行正常, 无告警
2024-03-15 22:00:00 [INFO] 生产线B - 日报: 停机178分钟
